// Jest Snapshot v1, https://goo.gl/fbAQLP

exports[`PieChart Matches snapshot when rendering with data 1`] = `
<div>
  <div>
    <div
      class="VictoryContainer"
      style="pointer-events: none; position: relative; width: 240px; height: 220px;"
    >
      <svg
        height="220"
        role="img"
        style="pointer-events: all; width: 240px; height: 220px;"
        width="240"
      >
        <g>
          <path
            d="M5.5109105961630896e-15,-90A90,90,0,0,1,72.81152949374527,52.90067270632258L0,0Z"
            role="presentation"
            shape-rendering="auto"
            style="fill: #ff0000; cursor: pointer; pointer-events: auto; padding: 10px;"
            transform="translate(120, 100)"
          />
          <path
            d="M72.81152949374527,52.90067270632258A90,90,0,0,1,-85.59508646656381,27.811529493745276L0,0Z"
            role="presentation"
            shape-rendering="auto"
            style="fill: #ff0000; cursor: pointer; pointer-events: auto; padding: 10px;"
            transform="translate(120, 100)"
          />
          <path
            d="M-85.59508646656381,27.811529493745276A90,90,0,0,1,-1.6532731788489267e-14,-90L0,0Z"
            role="presentation"
            shape-rendering="auto"
            style="fill: #ff0000; cursor: pointer; pointer-events: auto; padding: 10px;"
            transform="translate(120, 100)"
          />
          <g>
            <rect
              height="17.788375000000002"
              rx="5"
              ry="5"
              style="fill: #000000; opacity: 0.5; pointer-events: none;"
              width="33.96875"
              x="167"
              y="69"
            />
            <text
              direction="inherit"
              dx="0"
              id="pie-labels-0"
              x="172"
              y="76.55"
            >
              <tspan
                dx="0"
                dy="5"
                style="fill: #FFFFFF; font-size: 10px; pointer-events: none; opacity: 1; font-family: 'Gill Sans', 'Gill Sans MT', 'Ser­avek', 'Trebuchet MS', sans-serif; stroke: transparent;"
                text-anchor="start"
                x="172"
              >
                35.0%
              </tspan>
            </text>
          </g>
          <g>
            <rect
              height="17.788375000000002"
              rx="5"
              ry="5"
              style="fill: #000000; opacity: 0.5; pointer-events: none;"
              width="33.96875"
              x="94"
              y="158"
            />
            <text
              direction="inherit"
              dx="0"
              id="pie-labels-1"
              x="111"
              y="166.55"
            >
              <tspan
                dx="0"
                dy="5"
                style="fill: #FFFFFF; font-size: 10px; pointer-events: none; opacity: 1; font-family: 'Gill Sans', 'Gill Sans MT', 'Ser­avek', 'Trebuchet MS', sans-serif; stroke: transparent;"
                text-anchor="middle"
                x="111"
              >
                35.0%
              </tspan>
            </text>
          </g>
          <g>
            <rect
              height="17.788375000000002"
              rx="5"
              ry="5"
              style="fill: #000000; opacity: 0.5; pointer-events: none;"
              width="33.96875"
              x="44"
              y="62"
            />
            <text
              direction="inherit"
              dx="0"
              id="pie-labels-2"
              x="73"
              y="69.55"
            >
              <tspan
                dx="0"
                dy="5"
                style="fill: #FFFFFF; font-size: 10px; pointer-events: none; opacity: 1; font-family: 'Gill Sans', 'Gill Sans MT', 'Ser­avek', 'Trebuchet MS', sans-serif; stroke: transparent;"
                text-anchor="end"
                x="73"
              >
                30.0%
              </tspan>
            </text>
          </g>
        </g>
      </svg>
      <div
        style="z-index: 99; position: absolute; top: 0px; left: 0px; width: 240px; height: 220px;"
      >
        <svg
          height="220"
          style="overflow: visible; width: 240px; height: 220px;"
          width="240"
        />
      </div>
    </div>
  </div>
</div>
`;
